// Jest Snapshot v1, https://goo.gl/fbAQLP

exports[`<CategorySlider /> should render the heading 1`] = `
<main
  class=""
>
  <h1>
    CategorySlider
  </h1>
</main>
`;
