// Jest Snapshot v1, https://goo.gl/fbAQLP

exports[`<Button /> should render the children 1`] = `
.c0 {
  display: -webkit-box;
  display: -webkit-flex;
  display: -ms-flexbox;
  display: flex;
  -webkit-align-items: center;
  -webkit-box-align: center;
  -ms-flex-align: center;
  align-items: center;
  -webkit-box-pack: center;
  -webkit-justify-content: center;
  -ms-flex-pack: center;
  justify-content: center;
  min-height: 3.6rem;
  font-family: Nunito Sans,-apple-system,BlinkMacSystemFont,'Segoe UI',Roboto,Oxygen,Ubuntu,Cantarell,'Open Sans','Helvetica Neue',sans-serif;
  padding: 0.8rem 1.6rem;
  min-width: 6.7rem;
  border: none;
  color: white;
  border-radius: 2.4rem;
  border: 1px solid #FF2773;
  font-weight: 700;
  font-size: 1.4rem;
  cursor: pointer;
  box-shadow: rgba(100,100,111,0.2) 0px 7px 29px 0px;
  -webkit-transition: 0.1s ease-in-out;
  transition: 0.1s ease-in-out;
  position: relative;
  background-color: #FF2773;
}

.c0:hover {
  background-color: #ff5a94;
  border: 1px solid #ff5a94;
}

.c0:disabled {
  outline: black;
  background-color: white;
  color: #B3ABBC;
  border: 1px solid white;
  cursor: not-allowed;
}

<button
  class="c0"
>
  Teste
</button>
`;
