// Jest Snapshot v1, https://goo.gl/fbAQLP

exports[`<CategoryTemplate /> should render the heading 1`] = `
<main
  class=""
>
  <h1>
    CategoryTemplate
  </h1>
</main>
`
